#	PS2 Memory Map
#	$Id: ps2.map,v 1.3 2002/01/13 21:44:31 cvs Exp $

00100000:
.undef	indata
00100008:
.undef	ENTRYPOINT
0013f8e0:
.undef	main

00613cc0:
.word	gameargs
.word	gameargs

#	BOOT
0013fa5c:
.undef	has "-" argument
00140530:
.undef	Boot_CheckArguments


0064fbb0:
.byte
0064fbb8:
.word	w_stringsStart
.code
.word	w_stringsEnd
.code
.word	w_stringsEnd
.code
.byte	b_Language
0064fbd8:
.byte	b_UseMemStickLocalization
0064fbe0:
.byte
.byte

#	- LANGUAGE
0041b710:
.undef	lang_Language_strcasecmp
0041b730:
.undef	lang_FindLanguage
0041b750:
.undef	lang_LoadLanguage
0041b760:
.undef	lang_SetLanguage


0052ae00:
.word	Languages
.word
.word
.word
.word
.word
.word
0052ae20:
.word	Languages_initials
.word
.word
.word
.word
.word
.word

0056b6d0:
.byte	"E"
0056b6d8:
.byte	"E_UK"
0056b6e0:
.byte	"F"
0056b6e8:
.byte	"I"
0056b6f0:
.byte	"G"
0056b6f8:
.byte	"S"
0056b700:
.byte	"J"
0056b708:
.byte	"{STRING}"

#	BLOOD
005c90b0:
.undef	p_Blood

00584590:
.undef	Blood

#	MACHINE
0018cf90:
.undef	SetVideoMode	;8cMachineFQ28cMachine10eVideoMode

#	MENUS
00432c00:
.undef	Fun_LoadGui

#	- MenusSelection

005d02fc:
.word	p_MenusSelection
00240cc0:
.undef	MenusSelection

00240e90:
.undef	toggle

00241054:
.undef	Target Lock
00241084:
.undef	Zoom Remember
002410f0:
.undef	Audio Mode
00241130:
.undef	Subtitles

#	- MAIN MENU
005da1ac:
.word	p_MainMenu
00365d80:
.undef	MainMenu
00365e74:
.undef	Single Player
00365f4c:
.undef	Multi Player

#	- SINGLE PLAYER

#	-- TRAINING
003862d0:
.undef	Fun_TrainLevelCheck

00412860:
.undef	JR-RA

005df5a0:
.word	Train_sel
.undef
.word
.word
.word	p_Default

#	--- TrainingLevels
0056c344:
.word	p_TrainingLevels_GuiCursor
0042c83c:
.undef	TrainingLevels_GuiCursor

005db2bc:
.word	p_dynamic_TrainingLevels
00386a70:
.undef	dynamic_TrainingLevels

#	--- Training_LevelCursor
005db2dc:
.word	p_Training_LevelCursor
00386600:
.undef	Training_LevelCursor

00386670:
.undef	right
003866bc:
.undef	left
00386708:
.undef	select

00386764:
.undef	right
003867ac:
.undef	set cursor

003867c8:
.undef	left
00386810:
.undef	set cursor

0038682c:
.undef	select
00386834:
.undef	load training cursor ID	;n-1

00386510:
.undef	Training 4 crash

#	--- GuiTrainingSelect
005db32c:
.word	p_GuiTrainingSelect
003862c0:
.undef	GuiTrainingSelect


#	DEFINED
00529d08:
.word
.undef
.word
.undef
.word	CTRL_MAP_FILE_%d
.undef
.word
.undef
.word
.undef
.word
.undef
.word

00576c78:
.byte	" V"
00576c88:
.word
.word
