#	PS2 Memory Map
#	$Id: ps2.map,v 1.3 2002/01/13 21:44:31 cvs Exp $


002e17f8:
.word	Base Address
.word	Base Address
.word	Base Address	;#false
.word	Base Address	;#true

#	BOOT
00282f00:
.word	.data
.word
.word	MasterDebug
.word	DebugSegment
.word
.word
.word	DebugSymbols
.word
.half
.half	Language
.word
.word
.word
.word
.word
.word	KernelLevel	;#f
00282fb8:
.byte	Boot_Mode	;Launch Argument

#	GAMEPLAY
00486b74:
.byte	Car Performance presets

00f65f44:
.undef	Weapon Load

#	- CPU
00c2357c:
.undef	Save "Player" ID
00f1f9f4:
.undef	Load player a1
00f1fd48:
.undef	Load CPU a1

00f64928:
.undef	CPU check Turbo Lock
00f64b00:
.undef	CPU check Nova

00f20f50:
.undef	CPU stats

#	- EVENTS

#	-- GRAND PRIX
00bd25ac:
.undef	is LastTask
00e6d614:
.undef	GP check

#	- WEAPONS
00f63af8:
.undef	load GameMode
00f63c04:
.undef	is Left Weapon (1)
00f63ca0:
.undef	is Right Weapon (2)

#	MENUS

#	- EVENTS

#	-- CPU NUMBER
00bcd1d8:
.undef	Event_CPUNumber

00bcd2dc:
.undef	is Time Attack
00bcd344:
.undef	is Artist
.undef	check Game Mode
00bcd3c8:
.undef	is Sport Hunt
00bcd3dc:
.undef	is Other GM
.undef
.undef
.undef	is Circuit
.undef
.undef	Load CPU_num	;pointer address
00bcd41c:
.undef	CPU set to MAX
00bcd444:
.undef	load MAX CPUs
00bcd468:
.undef	2nd Check
.undef	is Death Race
.undef
.undef
.undef
.undef	is Rush Hour
00bcd4a4:
.undef	is Freeze Rally
.undef
.undef
.undef	Spawn Number
.undef
.undef	CPU_num Death Race,Rush Hour
.undef
.undef
.undef	is Boss,Mizo GM
00bcd4dc:
.undef	CPU_num = ZERO
.undef
.undef
.undef	Vehicles MAX Limit

#	-- EVENT ADVANCE OPTIONS
013cb294:
.undef	Event_AdvanceOptions

013cb2e0:
.undef	is Circuit
013cb2f4:
.undef	AdvOpt_Circuit
013cb3a0:
.undef	AdvOpt_Circuit

013cb560:
.undef	is TimeAttack
013cb58c:
.undef	AdvOpt_TimeAttack
013cb638:
.undef	AdvOpt_TimeAttack

013cb7f8:
.undef	is TurboDash
013cb810:
.undef	AdvOpt_TurboDash
013cb8bc:
.undef	AdvOpt_TurboDash

013cb954:
.undef	is FreezeRally
013cb96c:
.undef	AdvOpt_FreezeRally
013cba18:
.undef	AdvOpt_FreezeRally

013cba9c:
.undef	is RushHour
013cbab4:
.undef	AdvOpt_RushHour
013cbb60:
.undef	AdvOpt_RushHour

013cbbf8:
.undef	is DeathRace
013cbc10:
.undef	AdvOpt_DeathRace
013cbcbc:
.undef	AdvOpt_DeathRace

013cbd54:
.undef	is Deathmatch
013cbd68:
.undef	is SportHunt
013cbd7c:
.undef	is Collectathon
013cbd90:
.undef	is ArtifactRace
013cbda4:
.undef	is CTF
013cbddc:
.undef	is Deathmatch
013cbdf0:
.undef	is Assassin
013cbe10:
.undef	AdvOpt_Arena
013cbebc:
.undef	AdvOpt_Arena

013cbf68:
.undef	is Collectathon
013cbf80:
.undef	AdvOpt_Collectathon
013cc02c:
.undef	AdvOpt_Collectathon

013cc0d8:
.undef	is ArtifactRace
013cc0f0:
.undef	AdvOpt_ArtifactRace
013cc19c:
.undef	AdvOpt_ArtifactRace

013cc25c:
.undef	is Assassin
013cc274:
.undef	AdvOpt_Assassin
013cc320:
.undef	AdvOpt_Assassin

013cc444:
.undef	is CTF
013cc45c:
.undef	AdvOpt_CTF
013cc508:
.undef	AdvOpt_CTF

013cc5dc:
.undef	is OtherGM
013cc5e8:
.undef	AdvOpt_Other
013cc694:
.undef	AdvOpt_Other

#	-- GAME MODES
00b60298:
.word	GM_Freeze Rally
00b60278:
.word	GM_Rush Hour
00b60268:
.word	GM_Time Trial

#	- SECRETS
007b9bf0:
.byte
.byte	Mirrored
.byte	Bad Weather
.byte

#	OTHER
002f1800:
.word	false
.word	true

002f9924:
.word	#f
.byte	"#f"
.byte
.byte
.byte
.undef
.word
.word	#t
.byte	"#t"

#	- DEFINED
002f9808:
.byte	"*unknown-symbol-name*"


#	TASKS

#	- DESERT ARENA

#	-- ARTIFACT
00989560:
.word	TASK - DESERT ARENA (ARTIFACT)
.word	task display name	;value+ffff=pointer->name
.byte	task ID
.byte	task GM
.byte
.byte
.word	task name
.byte	max number of drivers
.byte	max number of CPUs
.byte	min number of req players
.byte
.word
.byte	task flags
.byte
.byte
.byte
.word	task powerups
.word	p -> task levels
.undef
.undef
.word
.word	adventure cutscene
.word
.word	adventure intro voice
.word	task IPU video
.float	Bronze Medal
.float	Bronze Medal
.float	Silver Medal
.float	Silver Medal
.float	Gold Medal
.float	Gold Medal
.undef
.word
.word
.word	desert2	;value+ffff=pointer->name
.undef
.undef
.word
.undef
.undef
.byte	task settings default
.byte
.byte
.byte
.undef
.byte	task settings current
.byte
.byte
.byte
.undef
.byte	task settings Grand Prix
.byte
.byte
.byte
00989650:
.word	p(+2) -> single player levels
.word	p(+2) -> next
.word	p(+2) -> split-screen level
.word
.word	level_ss	;value+ffff=pointer->name
.word	p(+2) -> next
.word	offset_ss
.word	p(+2) -> next
.word	task_level_ss	;value+ffff=pointer->name
.word	p(+2) -> next
.word	task_level_ss_display	;value+ffff=pointer->name
.word
.word	level_sp	;value+ffff=pointer->name
.word	p(+2) -> next
.word	offset_sp
.word	p(+2) -> next
.word	task_level_sp	;value+ffff=pointer->name
.word	p(+2) -> next
.word	task_level_sp_display	;value+ffff=pointer->name
.word
.word
.word	string character number
.byte	"desarena-artifact-task"

#	-- DEATHMATCH
0098ad40:
.word	TASK - DESERT ARENA (DEATHMATCH)
.word	task display name	;value+ffff=pointer->name
.byte	task ID
.byte	task GM
.byte
.byte
.word	task name
.byte	max number of drivers
.byte	max number of CPUs
.byte	min number of req players
.byte
.word
.byte	task flags
.byte
.byte
.byte
.word	task powerups
.word	p -> task levels
.undef
.undef
.word
.word	adventure cutscene
.word
.word	adventure intro voice
.word	task IPU video
.float	Bronze Medal
.float	Bronze Medal
.float	Silver Medal
.float	Silver Medal
.float	Gold Medal
.float	Gold Medal
.undef
.word
.word
.word	desert1	;value+ffff=pointer->name
.undef
.undef
.word
.undef
.undef
.byte	task settings default
.byte
.byte
.byte
.undef
.byte	task settings current
.byte
.byte
.byte
.undef
.byte	task settings Grand Prix
.byte
.byte
.byte
0098ae30:
.word	p(+2) -> single player levels
.word	p(+2) -> next
.word	p(+2) -> split-screen level
.word
.word	level_ss	;value+ffff=pointer->name
.word	p(+2) -> next
.word	offset_ss
.word	p(+2) -> next
.word	task_level_ss	;value+ffff=pointer->name
.word	p(+2) -> next
.word	task_level_ss_display	;value+ffff=pointer->name
.word
.word	level_sp	;value+ffff=pointer->name
.word	p(+2) -> next
.word	offset_sp
.word	p(+2) -> next
.word	task_level_sp	;value+ffff=pointer->name
.word	p(+2) -> next
.word	task_level_sp_display	;value+ffff=pointer->name
.word
.word
.word	string character number
.byte	"desarena-deathmatch-task"

#	-- TAG
00980f50:
.word	TASK - DESERT ARENA (TAG)
.word	task display name	;value+ffff=pointer->name
.byte	task ID
.byte	task GM
.byte
.byte
.word	task name
.byte	max number of drivers
.byte	max number of CPUs
.byte	min number of req players
.byte
.word
.byte	task flags
.byte
.byte
.byte
.word	task powerups
.word	p -> task levels
.undef
.undef
.word
.word	adventure cutscene
.word
.word	adventure intro voice
.word	task IPU video
.float	Bronze Medal
.float	Bronze Medal
.float	Silver Medal
.float	Silver Medal
.float	Gold Medal
.float	Gold Medal
.undef
.word
.word
.word	desert4	;value+ffff=pointer->name
.undef
.undef
.word
.undef
.undef
.byte	task settings default
.byte
.byte
.byte
.undef
.byte	task settings current
.byte
.byte
.byte
.undef
.byte	task settings Grand Prix
.byte
.byte
.byte
00981014:
.word	string character number
.byte	"desarena-king-of-hill-task"

#	- DIRT STADIUM

#	-- ARTIFACT
00989ee0:
.word	TASK - DIRT STADIUM (ARTIFACT)
.word	task display name	;value+ffff=pointer->name
.byte	task ID
.byte	task GM
.byte
.byte
.word	task name
.byte	max number of drivers
.byte	max number of CPUs
.byte	min number of req players
.byte
.word
.byte	task flags
.byte
.byte
.byte
.word	task powerups
.word	p -> task levels
.undef
.undef
.word
.word	adventure cutscene
.word
.word	adventure intro voice
.word	task IPU video
.float	Bronze Medal
.float	Bronze Medal
.float	Silver Medal
.float	Silver Medal
.float	Gold Medal
.float	Gold Medal
.undef
.word
.word
.word	mudpit2	;value+ffff=pointer->name
.undef
.undef
.word
.undef
.undef
.byte	task settings default
.byte
.byte
.byte
.undef
.byte	task settings current
.byte
.byte
.byte
.undef
.byte	task settings Grand Prix
.byte
.byte
.byte
00989fb0:
.word	p(+2) -> single player levels
.word	p(+2) -> next
.word	p(+2) -> split-screen level
.word
.word	level_ss	;value+ffff=pointer->name
.word	p(+2) -> next
.word	offset_ss
.word	p(+2) -> next
.word	task_level_ss	;value+ffff=pointer->name
.word	p(+2) -> next
.word	task_level_ss_display	;value+ffff=pointer->name
.word
.word	level_sp	;value+ffff=pointer->name
.word	p(+2) -> next
.word	offset_sp
.word	p(+2) -> next
.word	task_level_sp	;value+ffff=pointer->name
.word	p(+2) -> next
.word	task_level_sp_display	;value+ffff=pointer->name
.word
.word
.word	string character number
.byte	"kcross-artifact-task"

#	-- ARTIFACT
0098d430:
.word	TASK - DIRT STADIUM (DEATHMATCH)
.word	task display name	;value+ffff=pointer->name
.byte	task ID
.byte	task GM
.byte
.byte
.word	task name
.byte	max number of drivers
.byte	max number of CPUs
.byte	min number of req players
.byte
.word
.byte	task flags
.byte
.byte
.byte
.word	task powerups
.word	p -> task levels
.undef
.undef
.word
.word	adventure cutscene
.word
.word	adventure intro voice
.word	task IPU video
.float	Bronze Medal
.float	Bronze Medal
.float	Silver Medal
.float	Silver Medal
.float	Gold Medal
.float	Gold Medal
.undef
.word
.word
.word	mudpit1	;value+ffff=pointer->name
.undef
.undef
.word
.undef
.undef
.byte	task settings default
.byte
.byte
.byte
.undef
.byte	task settings current
.byte
.byte
.byte
.undef
.byte	task settings Grand Prix
.byte
.byte
.byte
0098d510:
.word	p(+2) -> single player levels
.word	p(+2) -> next
.word	p(+2) -> split-screen level
.word
.word	level_ss	;value+ffff=pointer->name
.word	p(+2) -> next
.word	offset_ss
.word	p(+2) -> next
.word	task_level_ss	;value+ffff=pointer->name
.word	p(+2) -> next
.word	task_level_ss_display	;value+ffff=pointer->name
.word
.word	level_sp	;value+ffff=pointer->name
.word	p(+2) -> next
.word	offset_sp
.word	p(+2) -> next
.word	task_level_sp	;value+ffff=pointer->name
.word	p(+2) -> next
.word	task_level_sp_display	;value+ffff=pointer->name
.word
.word
.word	string character number
.byte	"kcross-deathmatch-task"
