#	PS2 Memory Map
#	$Id: ps2.map,v 1.3 2002/01/13 21:44:31 cvs Exp $

00180080:
.undef	indata
00180088:
.undef	ENTRYPOINT
001969f8:
.undef	main


#	BOOT
0030e7b0:
.word	Boot

#	- PROGRESSIVE MODE
001ec6b0:
.undef	Fun_Progressive 1
0022dcb0:
.undef	Fun_Progressive 1

001ec988:
.undef	ProgressiveMode

#	CHARACTERS
001e2470:
.undef	isCharacterValid

001e2620:
.undef	Fun_CharacterCheck

001e46c8:
.undef	Fun_LoadCharacterID

001e46f8:
.undef	Fun_SaveCharacterID

001eb4b0:
.undef	isCharacterUnlocked

0036dd9c:
.word	CharactersEnabled
.word	g_CharacterP1
.word	g_CharacterP2

00382818:
.word	CharactersUnlocked
.word
.word
.word
.word

#	- CHARACTERS DATA
002b9618:
.word	CharactersData

0036cb60:
.word	Lei 1
.word	Lei 2

0036cb60:
.word	Nina 1
.word	Nina 2

0030da10:
.word	Jin 1
.word	Jin 2

0036cb98:
.word	Julia 1
.word	Julia 2
.word	Kuma
.word	Panda
.word	Brian 1
.word	Brian 2

0036cbd0:
.word	Combot 1
.word	Combot 2

#	- CHARACTER SELECT
001e2fc8:
.undef	Fun_CharSelectCursor
001e3088:
.undef	is Paul Phoenix
001e30a0:
.undef	is not Christie

001e3564:
.undef	CharacterSelected

001f3708:
.undef	CharacterSelect

0030dd28:
.half	CharacterSelectIDs
.half
.half
.half
.half
.half
.half
.half
.half
.half
.half
.half
.half
.half
.half
.half
.half
.half
.half
.half
.half
.half
.half
.half
.half
.half
.half
.half
.half
.half
.half
.half
.half
.half
.half
.half
.half
.half
.half
.half
.half
.half
.half
.half
.half
.half
.half
.half
.half
.half
.half
.half
.half
.half
.half
.half
.half
.half
.half
.half
.half

00382848:
.word	CharacterSelect_P1
00382888:
.word	Character_P1

#	GAME
001e8160:
.undef	Fun_StageCompleted

001a86f8:
.undef	Fun_ResetGame

001dcf30:
.undef	Fun_GameStarted

002a7bf8:
.word	g_GameMode
.byte	g_EnableP2
.byte
.byte
.byte
.word
.byte	g_ScreenSelect	;0 = Normal ; 1 = Quick
002a7c1c:
.byte	g_NumberOfStages
002a7c23:
.byte	g_Rounds
002a7c28:
.word	g_StageNumber
.word
.word	g_MaxStages

#	- Fun_GameStarted
001dd174:
.undef	Arcade

001dd2f0:
.undef	Survival

#	- 2P
0036dd28:
.word	2P_Enabled

#	- GAME MODES
001e0030:
.undef	Start Demo GM

001de548:
.undef	Arcade
001e8020:
.undef	Fun_RandomizeArcade

#	- RANDOMIZE
001de5f4:
.undef	Arcade_Randomize

001de644:
.undef	Survival_Randomize

001e6478:
.undef	Fun_SaveRandomChar
001e64a8:
.undef	Fun_DisableRandomChar

001e6588:
.undef	save random character

001e6d10:
.undef	Fun_Randomize

001e8020:
.undef	Fun_RandomizeArcade

001e8f58:
.undef	Fun_RandomizeSurvival

0036cbf8:
.word	RandChars_ArcTT
0036cc14:
.word	RandStages_ArcTT

#	- STAGES
001e2ce8:
.undef	Fun_Stages

0036cbd8:
.byte	DemoStages

00382998:
.word	StageCursor
.code
.word	StagesMaximum
.code
.code
.word	g_Stage

#	- TURBO MODE
00197dd0:
.undef	SaveTurboMode
.undef
.undef	isTurboModeEnabled

0036dc8c:
.word	g_TurboMode

#	MENUS
00196d50:
.undef	Retail

00196d70:
.undef	in-game
00196d88:
.undef	Demo

00197888:
.undef	Fun_SaveGroupMenu
001978a0:
.undef	Fun_LoadGroupMenu
00197a18:
.undef	Fun_SaveMenuID_ToLoad
00197a28:
.undef	Fun_LoadMenuID

0030c090:
.word	Menus

0030dd10:
.word	DemoMenus

0036e238:
.word	m_GroupMenuID
.word	m_GroupMenuID_ToLoad
.code
.word	m_Menu
.word	m_MenuID_ToLoad

#	- OPTIONS
001e1760:
.undef	optLoad
.undef
.undef
.undef
.undef	optLoad_Difficulty
.undef
.undef
.undef
.undef	optLoad_Rounds
.undef
.undef
.undef
.undef	optLoad_RoundTime
.undef
.undef
.undef
.undef	optLoad_GuardDamage
.undef
.undef
.undef
.undef	optLoad_CharSelectCursor
.undef
.undef
.undef
.undef	optLoad_QuickSelect
.undef
.undef
.undef
.undef	optLoad_SpeakerOutput
.undef
.undef
.undef
.undef	optLoad_BGMVolume
.undef
.undef
.undef
.undef	optLoad_SEVolume

003827b8:
.byte	options_Difficulty
.byte	options_Rounds
.byte	options_RoundTime
.byte	options_GuardDamage
.byte	options_CharSelectCursor
.byte	options_QuickSelect
.byte	options_SpeakerOutput
.byte	options_BGMVolume
.byte	options_SEVolume

#	- PAUSE MENU
001a8788:
.undef	isGamePaused

001a8888:
.undef	isPausedGameSave

001a88c8:
.undef	Fun_PauseGame

0036e5a8:
.word	g_isPaused

#	- START MENU
00196f60:
.undef	Fun_Start

001ddd18:
.undef	Fun_PressStart
001ddde8:
.undef	PressedStart

#	OTHER
0036cbe0:
.word	Something
.word


#	CUSTOM
00081000:
.code	RestorePauseCode_Start
00081088:
.code	RestorePauseCode_End
