#	PS2 Memory Map
#	$Id: ps2.map,v 1.3 2002/01/13 21:44:31 cvs Exp $

00000080:
.word	_align_segment
0010a000:
.undef	indata
0010a008:
.undef	ENTRYPOINT
001ba370:
.undef	main

00213cc0:
.undef	Boot_SecurityCheck


#	AI
00184708:
.undef	Fun_isAllowedAI
0018472c:
.undef	AI = 9
.undef
.undef	AI = 5
.undef
.undef	AI = 7
.undef
.undef	AI = 0

001bc630:
.undef	Fun_AI

0029d1a0:
.word	AI_LEVELS

#	Career
0014e6c0:
.undef	Fun_CareerTourProgress
00184660:
.undef	GetCareerLevels
00197678:
.undef	Career_GetSavedGame

001978b0:
.undef	Career_GetNextRace
001978d4:
.undef	load track number

001978e8:
.undef	Career_GetCurrentStage

001f3b10:
.undef	Fun_Career

#	Custom Tournament
001e74b0:
.undef	Fun_CustomTourneyAddLevel

001e7598:
.undef	CustomTourney_LevelList
001e7650:
.undef	loop check

001e7748:
.undef	CustomTourney_AddLevel

#	Cheats Menu
00181398:
.undef	Fun_CheckCheatCode

#	Game
0016d4c0:
.undef	Fun_StartGame
0016d724:
.undef	load g_GameMode
0016d748:
.undef	is Moshbowl
0016d754:
.undef	is not Training

00190b00:
.undef	Fun_LoadRaceEndMenu

001f3668:
.undef	Fun_Moshbowl
001f3a10:
.undef	is MultiPlayer

001f8378:
.undef	Fun_GetReady
001fbc28:
.undef	Fun_PrepareGame
002431f8:
.undef	Fun_RiderCamera


002c8678:
.word	Number_of_Screens

004dc9ac:
.word	g_GameMode
.word	g_isNotSE

004dcb28:
.word	Number_of_Players
.word	Number_of_AI
004dcb40:
.word	g_LevelID

#	GUIs
002bea20:
.word	GUI_SinglePlayer
002bea40:
.word	GUI_MultiPlayer

0027fae8:
.word	STRINGS_MAINMENU
0027faf8:
.word	STRINGS_SP
0027fb18:
.word	STRINGS_MP
0027fb48:
.word	STRINGS_SP_LOAD
0027fb70:
.word	STRINGS_MP_LOAD

#	Loading Screen
001847a8:
.undef	Fun_LoadingScreen
001847c4:
.undef	is Podium
001847d8:
.undef	is DualSlalom
001847f0:
.undef	is SuperJump
00184804:
.undef	is MoshBowl
00184818:
.undef	is Training
001848d8:
.undef	is Race
00184908:
.undef	LOADBAR1

002761e0:
.word	LOADING_SCREENS
00276718:
.word	LEVEL_TYPES

003f05d0:
.qword	LoadingScreenTemp	;ALP, LTRAIN, etc.

#	Levels
0015daf0:
.undef	LevelList_in-game
0015db48:
.undef	loop check

0015dcd0:
.undef	LevelList_in-gameSelected
0015dd50:
.undef	loop check

00190ee0:
.undef	isLevelEnabled
00196b80:
.undef	Get_isLevelUnlocked
001be118:
.undef	Fun_LoadLevel
001fd710:
.undef	GetUnlockedLevels


002760d0:
.word	LEVELS
00276124:
.word	LEVELS_DUAL-SLALOM
.word
.word	LEVELS_MOSHBOWL
.word
.word
.word	LEVELS_FUJIPRACTICE(CUT)
.word	LEVELS_SUPERJUMP
.word	LEVELS_TRAINING
.word	LEVELS_PODIUMSUPER
.word	LEVELS_PODIUMSPECIAL
.word	LEVELS_PODIUMARCADE

002a8a50:
.word	144_Pickups_Totals
002a8a68:
.word	60_Pickups_Totals
002a8a80:
.word	65_Pickups_Totals
002a8aa0:
.word	LEVELS_PICKUPEDITOR

002bf2c0:
.word	Level_IDs

#	Menus
0015f370:
.undef	PauseMenu
0015f524:
.undef	is PostersLocked
.undef	is MultiPlayer

001be520:
.undef	Fun_RaceEndMenu
001be8b4:
.undef	is 1 Player
001be97c:
.undef	is 2 Players
001bea08:
.undef	is 3-4 Players

001ef7e8:
.undef	Fun_Game
001efd24:
.undef	StartingScreen
001efd64:
.undef	Demo
001efdb4:
.undef	MainMenu
001efdcc:
.undef	NewOrLoad
001efddc:
.undef	SinglePlayer
001efdec:
.undef	MP_EventSelect
001efe04:
.undef	MultiPlayer
001efe1c:
.undef	Single_Event
001efe2c:
.undef	Career
001efe4c:
.undef	Options
001efeb4:
.undef	SP_RiderSelect
001eff14:
.undef	SP_ContinueSavedGame
001eff24:
.undef	MP_ContinueSavedGame

001f1630:
.undef	Fun_MainMenu
001f1698:
.undef	save m_MenuNext

001f3178:
.undef	Fun_SingleEvent
001f3470:
.undef	is Freestyle
001f3488:
.undef	is Race
001f3498:
.undef	is Race(NoAI)
001f34f8:
.undef	load Number_of_Players
001f355c:
.undef	is MultiPlayer

001f41f8:
.undef	Fun_Options
001f4230:
.undef	disable buttons
001f4260:
.undef	unlock riders bikes
001f4274:
.undef	number of items	;9 - UnlockRidersBikes(Test)

001f7b50:
.undef	Fun_NewOrLoad
001f7cdc:
.undef	is MultiPlayer

001fb990:
.undef	Fun_MenuWriteButtons
001fba08:
.undef	write button

0023f090:
.undef	GetAttractTime


002c8164:
.word	m_AttractTimerGoal
002c81a0:
.word	m_Menu
002c81b4:
.word	m_PreviousMenu

002c824c:
.byte
.byte
.byte	CursorUp
.byte	CursorDown
.byte
.byte
.byte
.byte	X-Select

002c8600:
.word	m_AttractTimer

004e7a14:
.word	m_isDisabledAI

004f1550:
.word	m_Cursor
.code
.word	m_MenuNext
004f157c:
.word	m_NumberofItems

#	Multi Player
0018de88:
.undef	Fun_MultiplayerPrepare
0018e6b0:
.undef	check MultiPlayer riders

00196b50:
.undef	isLevelForMP

001f1da0:
.undef	Fun_MP_EventSelect
001f1e94:
.undef	disable 2P modes
001f208c:
.undef	MP_SingleEvent
001f20b8:
.undef	MP_Arcade
001f20e0:
.undef	MP_CustomTournament
001f2134:
.undef	MP_MoshBowl
001f2164:
.undef	MP_SuperJump
001f218c:
.undef	MP_DualSlalom

001f2920:
.undef	Fun_MPContinueSavedGame
001f2c60:
.undef	is Arcade

001f2e10:
.undef	Fun_MultiPlayer
001f308c:
.undef	is 3 Players
001f30a0:
.undef	is 4 Players
001f30b0:
.undef	save Players

00243758:
.undef	WriteNumberofScreens

#	Other
00184750:
.undef	check_data_limit

#	Peds
001277e0:
.undef	Fun_Peds
00127d70:
.undef	Fun_PedsMP
00195b80:
.undef	Fun_PedsLoading

#	Pickup Editor
0019a730:
.undef	Fun_PickupEditor
0019a7a8:
.undef	Check if Level is Valid
0019a804:
.undef	144_Pickups
0019a81c:
.undef	60_Pickups
0019a834:
.undef	65_Pickups
0019a848:
.undef	0_Pickups

#	Riders
00147908:
.undef	Fun_WriteRiders
00147974:
.undef	if true, AI crashes on 3,4P

00190f40:
.undef	isRiderEnabled
00196a48:
.undef	Fun_DemoRiders
00196be0:
.undef	Fun_UnlockRiders
00196c00:
.undef	GetUnlockedRiders


004dc8dc:
.byte	r_Rider00
.byte	r_Rider01
.byte	r_Rider02
.byte	r_Rider03
.byte	r_Rider04
.byte	r_Rider05
.byte	r_Rider06
.byte	r_Rider07
.byte	r_Rider08
.byte	r_Rider09
.byte	r_Rider10
.byte	r_Rider11
.byte	r_Rider12
.byte	r_Rider13
.byte	r_Rider14
.byte	r_Rider15

#	Single Player
001f1978:
.undef	Fun_SinglePlayer
001f1be8:
.undef	SP_SingleEvent
001f1c08:
.undef	SP_Career
001f1c1c:
.undef	SP_Arcade
001f1c4c:
.undef	SP_SuperJump
001f1c68:
.undef	SP_Training
001f1cdc:
.undef	SP_MoshBowl

001f2318:
.undef	Fun_SPContinueSavedGame
001f6470:
.undef	Fun_SP_RiderSelect

#	Unlocked
0045e9c0:
.word	Unlocked_Riders
.word	Unlocked_Levels
0045ea48:
.byte	Unlocked_PickupsEditor
.byte
.byte
.byte	Unlocked_Moshbowl
.byte	Unlocked_DualSlalom
.byte	Unlocked_CustomTournament
.byte	Unlocked_SuperJump
.byte	Unlocked_Posters


#	DEFINED
002c5c48:
.byte	"MOAB"
002c5c58:
.byte	"PERU"
002c5c88:
.byte	"FUJI"
002c5cb0:
.byte	"BC"
.byte
.byte
.byte
.undef
.byte	"CITY"
.byte
.byte
.byte
.undef
.byte	"DUAL"
.byte
.byte
.byte
.undef
.byte	"MOSH"
.byte
.byte
.byte
002c5d10:
.byte	"ALP2"
002c5d68:
.byte	"BC2"
002c5d90:
.byte	"ALP"
.byte
.byte
.byte
.undef
.byte	"MOA"
.byte
.byte
.byte
.undef
.byte	"JUN"
.byte
.byte
.byte
.undef
.byte	"PER"
.byte
.byte
.byte
.undef
.byte	"GLA"
.byte
.byte
.byte
.undef
.byte	"AUB"
.byte
.byte
.byte
.undef
.byte	"FUJ"
.byte
.byte
.byte
.undef
.byte	"CIT"
.byte
.byte
.byte
.undef
.byte	"DUA"
.byte
.byte
.byte
.undef
.byte	"MOS"
.byte
.byte
.byte
.undef
.byte	"MON"
.byte
.byte
.byte
.undef
.byte	"TRA"
.byte
.byte
.byte
.undef
.byte	"POD"
.byte
.byte
.byte
.undef
.byte	"MX"
.byte
.byte
.byte
.undef
.byte	"TD"
.byte
.byte
.byte
.undef
.byte	"FR"
.byte
.byte
.byte
.undef
.byte	"SC"
.byte
.byte
.byte
.undef
.byte	"AR"
.byte
.byte
.byte
.undef
.byte	"FS"
